GATE run  | n_perm=1000  n_boot=2000  seed=0

==============================================================================
DATA
==============================================================================
  COAD: n=391  MSI+=74 (19%)  sites=24
  UCEC: n=487  MSI+=155 (32%)  sites=29
  STAD: n=371  MSI+=63 (17%)  sites=22
  TSS disjointness: OK (no shared sites)

==============================================================================
WITHIN-ORGAN CEILING  (random-CV = site-inflated, site-out = honest)
==============================================================================
  COAD: random-CV=0.812  site-out=0.767 [0.699,0.835]  gap=+0.045  | site-out test-pos/fold=[18, 18, 14, 10, 14]
  UCEC: random-CV=0.749  site-out=0.755 [0.709,0.798]  gap=-0.006  | site-out test-pos/fold=[32, 30, 29, 34, 30]
  STAD: random-CV=0.881  site-out=0.858 [0.811,0.902]  gap=+0.023  | site-out test-pos/fold=[20, 12, 6, 16, 9]

==============================================================================
ZERO-SHOT TRANSFER  (source -> never-seen target)
==============================================================================

  target = COAD  (n=391, MSI+=74, prev=19%)
     UCEC -> COAD:  AUC=0.571 [0.498,0.642]  perm_p=0.2208  [----]
     STAD -> COAD:  AUC=0.744 [0.676,0.804]  perm_p=0.0030  [PASS]  <== confirmatory
    UCEC+STAD -> COAD:  AUC=0.661 [0.589,0.732]  perm_p=0.0160  (combined, exploratory)

  target = UCEC  (n=487, MSI+=155, prev=32%)
     COAD -> UCEC:  AUC=0.588 [0.532,0.638]  perm_p=0.1019  [----]
     STAD -> UCEC:  AUC=0.590 [0.537,0.641]  perm_p=0.1009  [----]
    COAD+STAD -> UCEC:  AUC=0.570 [0.518,0.622]  perm_p=0.1528  (combined, exploratory)

  target = STAD  (n=371, MSI+=63, prev=17%)
     COAD -> STAD:  AUC=0.760 [0.694,0.820]  perm_p=0.0010  [PASS]  <== confirmatory
     UCEC -> STAD:  AUC=0.521 [0.440,0.596]  perm_p=0.4406  [----]
    COAD+UCEC -> STAD:  AUC=0.734 [0.666,0.796]  perm_p=0.0010  (combined, exploratory)

==============================================================================
VERDICT
==============================================================================
  STAD -> COAD: AUC=0.744 [0.676,0.804] perm_p=0.0030  [PASS]
  COAD -> STAD: AUC=0.760 [0.694,0.820] perm_p=0.0010  [PASS]

  >>> STRONG PASS  — cross-organ MSI transfer is real (both COAD<->STAD directions).

Saved: /data/pathology/projects/clement/code/panmorph/results/gate_results.csv
