GATE run  | n_perm=100  n_boot=500  seed=0

==============================================================================
DATA
==============================================================================
  COAD: n=391  MSI+=74 (19%)  sites=24
  UCEC: n=487  MSI+=155 (32%)  sites=29
  STAD: n=371  MSI+=63 (17%)  sites=22
  TSS disjointness: OK (no shared sites)

==============================================================================
WITHIN-ORGAN CEILING  (random-CV = site-inflated, site-out = honest)
==============================================================================
  COAD: random-CV=0.812  site-out=0.767 [0.701,0.833]  gap=+0.045  | site-out test-pos/fold=[18, 18, 14, 10, 14]
  UCEC: random-CV=0.749  site-out=0.755 [0.708,0.797]  gap=-0.005  | site-out test-pos/fold=[32, 30, 29, 34, 30]
  STAD: random-CV=0.881  site-out=0.858 [0.807,0.900]  gap=+0.023  | site-out test-pos/fold=[20, 12, 6, 16, 9]

==============================================================================
ZERO-SHOT TRANSFER  (source -> never-seen target)
==============================================================================

  target = COAD  (n=391, MSI+=74, prev=19%)
     UCEC -> COAD:  AUC=0.571 [0.502,0.645]  perm_p=0.2178  [----]
     STAD -> COAD:  AUC=0.744 [0.679,0.802]  perm_p=0.0099  [PASS]  <== confirmatory
    UCEC+STAD -> COAD:  AUC=0.660 [0.590,0.730]  perm_p=0.0198  (combined, exploratory)

  target = UCEC  (n=487, MSI+=155, prev=32%)
     COAD -> UCEC:  AUC=0.588 [0.535,0.645]  perm_p=0.0495  [----]
     STAD -> UCEC:  AUC=0.590 [0.543,0.642]  perm_p=0.1089  [----]
    COAD+STAD -> UCEC:  AUC=0.569 [0.523,0.622]  perm_p=0.1386  (combined, exploratory)

  target = STAD  (n=371, MSI+=63, prev=17%)
     COAD -> STAD:  AUC=0.760 [0.700,0.820]  perm_p=0.0099  [PASS]  <== confirmatory
     UCEC -> STAD:  AUC=0.521 [0.445,0.602]  perm_p=0.5347  [----]
    COAD+UCEC -> STAD:  AUC=0.735 [0.666,0.799]  perm_p=0.0099  (combined, exploratory)

==============================================================================
VERDICT
==============================================================================
  STAD -> COAD: AUC=0.744 [0.679,0.802] perm_p=0.0099  [PASS]
  COAD -> STAD: AUC=0.760 [0.700,0.820] perm_p=0.0099  [PASS]

  >>> STRONG PASS  — cross-organ MSI transfer is real (both COAD<->STAD directions).

Saved: /data/pathology/projects/clement/code/panmorph/results/gate_results.csv
